[2020-05-31 12:00:00][logging-tests.delete][Debug][src/SafeRm.hs:88:4] Trash home: <dir>/.trash
[2020-05-31 12:00:00][logging-tests.delete.deleting][Debug][src/SafeRm.hs:100:10] MkPathData {pathType = PathTypeFile, fileName = MkPathI {unPathI = "f1"}, originalPath = MkPathI {unPathI = "<dir>/f1"}, created = MkTimestamp {unTimestamp = 2020-05-31 12:00:00}}
[2020-05-31 12:00:00][logging-tests.delete.deleting][Debug][src/SafeRm.hs:100:10] MkPathData {pathType = PathTypeFile, fileName = MkPathI {unPathI = "f2"}, originalPath = MkPathI {unPathI = "<dir>/f2"}, created = MkTimestamp {unTimestamp = 2020-05-31 12:00:00}}
[2020-05-31 12:00:00][logging-tests.delete.deleting][Debug][src/SafeRm.hs:100:10] MkPathData {pathType = PathTypeFile, fileName = MkPathI {unPathI = "f3"}, originalPath = MkPathI {unPathI = "<dir>/f3"}, created = MkTimestamp {unTimestamp = 2020-05-31 12:00:00}}
[2020-05-31 12:00:00][logging-tests.delete][Info][src/SafeRm.hs:119:4] Deleted: <dir>/f2, <dir>/f3, <dir>/f1
[2020-05-31 12:00:00][logging-tests.getIndex][Debug][src/SafeRm.hs:216:4] Index path: <dir>/.trash/.index.csv
[2020-05-31 12:00:00][logging-tests.getIndex.readIndex][Debug][src/SafeRm/Data/Index.hs:112:4] Index path: <dir>/.trash/.index.csv
[2020-05-31 12:00:00][logging-tests.getIndex.readIndex.readIndexWithFold][Debug][src/SafeRm/Data/Index.hs:117:8] Found: MkPathData {pathType = PathTypeFile, fileName = MkPathI {unPathI = "f1"}, originalPath = MkPathI {unPathI = "<dir>/f1"}, created = MkTimestamp {unTimestamp = 2020-05-31 12:00:00}}
[2020-05-31 12:00:00][logging-tests.getIndex.readIndex.readIndexWithFold][Debug][src/SafeRm/Data/Index.hs:117:8] Found: MkPathData {pathType = PathTypeFile, fileName = MkPathI {unPathI = "f3"}, originalPath = MkPathI {unPathI = "<dir>/f3"}, created = MkTimestamp {unTimestamp = 2020-05-31 12:00:00}}
[2020-05-31 12:00:00][logging-tests.getIndex.readIndex.readIndexWithFold][Debug][src/SafeRm/Data/Index.hs:117:8] Found: MkPathData {pathType = PathTypeFile, fileName = MkPathI {unPathI = "f2"}, originalPath = MkPathI {unPathI = "<dir>/f2"}, created = MkTimestamp {unTimestamp = 2020-05-31 12:00:00}}
[2020-05-31 12:00:00][logging-tests.getMetadata][Debug][src/SafeRm.hs:238:4] Trash home: <dir>/.trash
[2020-05-31 12:00:00][logging-tests.getMetadata.toMetadata.readIndex][Debug][src/SafeRm/Data/Index.hs:112:4] Index path: <dir>/.trash/.index.csv
[2020-05-31 12:00:00][logging-tests.getMetadata.toMetadata.readIndex.readIndexWithFold][Debug][src/SafeRm/Data/Index.hs:117:8] Found: MkPathData {pathType = PathTypeFile, fileName = MkPathI {unPathI = "f1"}, originalPath = MkPathI {unPathI = "<dir>/f1"}, created = MkTimestamp {unTimestamp = 2020-05-31 12:00:00}}
[2020-05-31 12:00:00][logging-tests.getMetadata.toMetadata.readIndex.readIndexWithFold][Debug][src/SafeRm/Data/Index.hs:117:8] Found: MkPathData {pathType = PathTypeFile, fileName = MkPathI {unPathI = "f3"}, originalPath = MkPathI {unPathI = "<dir>/f3"}, created = MkTimestamp {unTimestamp = 2020-05-31 12:00:00}}
[2020-05-31 12:00:00][logging-tests.getMetadata.toMetadata.readIndex.readIndexWithFold][Debug][src/SafeRm/Data/Index.hs:117:8] Found: MkPathData {pathType = PathTypeFile, fileName = MkPathI {unPathI = "f2"}, originalPath = MkPathI {unPathI = "<dir>/f2"}, created = MkTimestamp {unTimestamp = 2020-05-31 12:00:00}}
[2020-05-31 12:00:00][logging-tests.getMetadata.toMetadata][Debug][src/SafeRm/Data/Metadata.hs:109:6] Index size: 3
[2020-05-31 12:00:00][logging-tests.getMetadata.toMetadata][Debug][src/SafeRm/Data/Metadata.hs:113:6] Num entries: 3
[2020-05-31 12:00:00][logging-tests.getMetadata.toMetadata][Debug][src/SafeRm/Data/Metadata.hs:123:12] Log size: MkSomeSize SB (MkBytes 5.0)
[2020-05-31 12:00:00][logging-tests.getMetadata.toMetadata][Debug][src/SafeRm/Data/Metadata.hs:135:6] Num all files: 4
[2020-05-31 12:00:00][logging-tests.getMetadata.toMetadata][Debug][src/SafeRm/Data/Metadata.hs:136:6] Total size: MkSomeSize SB (MkBytes 25.0)
[2020-05-31 12:00:00][logging-tests.getMetadata][Debug][src/SafeRm.hs:238:4] Trash home: <dir>/.trash
[2020-05-31 12:00:00][logging-tests.getMetadata.toMetadata.readIndex][Debug][src/SafeRm/Data/Index.hs:112:4] Index path: <dir>/.trash/.index.csv
[2020-05-31 12:00:00][logging-tests.getMetadata.toMetadata.readIndex.readIndexWithFold][Debug][src/SafeRm/Data/Index.hs:117:8] Found: MkPathData {pathType = PathTypeFile, fileName = MkPathI {unPathI = "f1"}, originalPath = MkPathI {unPathI = "<dir>/f1"}, created = MkTimestamp {unTimestamp = 2020-05-31 12:00:00}}
[2020-05-31 12:00:00][logging-tests.getMetadata.toMetadata.readIndex.readIndexWithFold][Debug][src/SafeRm/Data/Index.hs:117:8] Found: MkPathData {pathType = PathTypeFile, fileName = MkPathI {unPathI = "f3"}, originalPath = MkPathI {unPathI = "<dir>/f3"}, created = MkTimestamp {unTimestamp = 2020-05-31 12:00:00}}
[2020-05-31 12:00:00][logging-tests.getMetadata.toMetadata.readIndex.readIndexWithFold][Debug][src/SafeRm/Data/Index.hs:117:8] Found: MkPathData {pathType = PathTypeFile, fileName = MkPathI {unPathI = "f2"}, originalPath = MkPathI {unPathI = "<dir>/f2"}, created = MkTimestamp {unTimestamp = 2020-05-31 12:00:00}}
[2020-05-31 12:00:00][logging-tests.getMetadata.toMetadata][Debug][src/SafeRm/Data/Metadata.hs:109:6] Index size: 3
[2020-05-31 12:00:00][logging-tests.getMetadata.toMetadata][Debug][src/SafeRm/Data/Metadata.hs:113:6] Num entries: 3
[2020-05-31 12:00:00][logging-tests.getMetadata.toMetadata][Debug][src/SafeRm/Data/Metadata.hs:123:12] Log size: MkSomeSize SB (MkBytes 5.0)
[2020-05-31 12:00:00][logging-tests.getMetadata.toMetadata][Debug][src/SafeRm/Data/Metadata.hs:135:6] Num all files: 4
[2020-05-31 12:00:00][logging-tests.getMetadata.toMetadata][Debug][src/SafeRm/Data/Metadata.hs:136:6] Total size: MkSomeSize SB (MkBytes 25.0)
