TERMINAL LIST 1
Type:     File
Name:     f1
Original: <dir>/x1/f1
Size:     5.00B
Created:  2020-05-31 12:00:00

Entries:      1
Total Files:  1
Log size:     0.00B
Size:         5.00B 



LOGS PERM DELETE
[2020-05-31 12:00:00][functional.deletePermanently][Debug][src/SafeRm.hs] Trash home: <dir>/x1/.trash
[2020-05-31 12:00:00][functional.deletePermanently.readIndex][Debug][src/SafeRm/Data/Index.hs] Index path: <dir>/x1/.trash/.index.csv
[2020-05-31 12:00:00][functional.deletePermanently.readIndex.readIndexWithFold][Debug][src/SafeRm/Data/Index.hs] Found: MkPathData {pathType = PathTypeFile, fileName = MkPathI {unPathI = "f1"}, originalPath = MkPathI {unPathI = "<dir>/x1/f1"}, size = MkBytes 5, created = MkTimestamp {unTimestamp = 2020-05-31 12:00:00}}
[2020-05-31 12:00:00][functional.deletePermanently.deleting][Debug][src/SafeRm.hs] MkPathData {pathType = PathTypeFile, fileName = MkPathI {unPathI = "f1"}, originalPath = MkPathI {unPathI = "<dir>/x1/f1"}, size = MkBytes 5, created = MkTimestamp {unTimestamp = 2020-05-31 12:00:00}}
[2020-05-31 12:00:00][functional.deletePermanently][Info][src/SafeRm.hs] Deleted: f1


TERMINAL LIST 2


Entries:      0
Total Files:  0
Log size:     0.00B
Size:         0.00B 

