TERMINAL LIST
Type:      File
Name:      f1
Original:  <dir>/x3/f1
Created:   2020-05-31 12:00:00 
Entries:      1
Total Files:  1
Log size:     0.00B
Size:         10.00B 


EXCEPTION PERM DELETE
Exceptions:

- Path not found: bad file

LOGS PERM DELETE
[2020-05-31 12:00:00][functional.deletePermanently][Debug] Trash home: <dir>/x3/.trash
[2020-05-31 12:00:00][functional.deletePermanently.readIndex][Debug] Index path: <dir>/x3/.trash/.index.csv
[2020-05-31 12:00:00][functional.deletePermanently.readIndex.readIndexWithFold][Debug] Found: MkPathData {pathType = PathTypeFile, fileName = MkPathI {unPathI = "f1"}, originalPath = MkPathI {unPathI = "<dir>/x3/f1"}, created = MkTimestamp {unTimestamp = 2020-05-31 12:00:00}}
[2020-05-31 12:00:00][functional.deletePermanently][Info] Deleted: 
[2020-05-31 12:00:00][functional][Error] Exceptions:

- Path not found: bad file

CallStack (from HasCallStack):
  getCallStack, called at src/SafeRm.hs:210:9 in <package>:SafeRm
  deletePermanently, called at src/SafeRm/Runner.hs:137:33 in <package>:SafeRm.Runner
  runCmd, called at test/functional/Functional/Prelude.hs:242:36 in <package>:Functional.Prelude
