TERMINAL LIST
Entries:      0
Total Files:  0
Size:         0.00B 


LOGS LIST
[2020-05-31 12:00:00][functional.getIndex][Debug] Index path: <dir>/l1/.trash/.index.csv
[2020-05-31 12:00:00][functional.getIndex][Debug] Index does not exist.
[2020-05-31 12:00:00][functional.getMetadata][Debug] Trash home: <dir>/l1/.trash
[2020-05-31 12:00:00][functional.getMetadata][Debug] Trash home does not exist.


