EXCEPTION LIST
Size mismatch between index size (1) and number of entries (2) in trash: <dir>/l5/.trash
CallStack (from HasCallStack):
  throwCS, called at src/SafeRm/Data/Metadata.hs:143:7 in safe-rm-0.1-inplace:SafeRm.Data.Metadata
  toMetadata, called at src/SafeRm.hs:240:13 in safe-rm-0.1-inplace:SafeRm
  getMetadata, called at src/SafeRm/Runner.hs:245:17 in safe-rm-0.1-inplace:SafeRm.Runner
  printMetadata, called at src/SafeRm/Runner.hs:137:29 in safe-rm-0.1-inplace:SafeRm.Runner
  runCmd, called at test/functional/Functional/Prelude.hs:215:36 in main:Functional.Prelude

LOGS LIST
[2020-05-31 12:00:00][functional.getIndex][Debug] Index path: <dir>/l5/.trash/.index.csv
[2020-05-31 12:00:00][functional.getIndex.readIndex][Debug] Index path: <dir>/l5/.trash/.index.csv
[2020-05-31 12:00:00][functional.getIndex.readIndex.readIndexWithFold][Debug] Found: MkPathData {pathType = PathTypeFile, fileName = MkPathI {unPathI = "foo"}, originalPath = MkPathI {unPathI = "<dir>/l5/.trash/foo"}, created = MkTimestamp {unTimestamp = 2022-09-28 02:58:33}}
[2020-05-31 12:00:00][functional.getMetadata][Debug] Trash home: <dir>/l5/.trash
[2020-05-31 12:00:00][functional.getMetadata.toMetadata.readIndex][Debug] Index path: <dir>/l5/.trash/.index.csv
[2020-05-31 12:00:00][functional.getMetadata.toMetadata.readIndex.readIndexWithFold][Debug] Found: MkPathData {pathType = PathTypeFile, fileName = MkPathI {unPathI = "foo"}, originalPath = MkPathI {unPathI = "<dir>/l5/.trash/foo"}, created = MkTimestamp {unTimestamp = 2022-09-28 02:58:33}}
[2020-05-31 12:00:00][functional.getMetadata.toMetadata][Debug] Index size: 1
[2020-05-31 12:00:00][functional.getMetadata.toMetadata][Debug] Num entries: 2
[2020-05-31 12:00:00][functional.getMetadata.toMetadata][Debug] Log does not exist
[2020-05-31 12:00:00][functional.getMetadata.toMetadata][Debug] Num all files: 2
[2020-05-31 12:00:00][functional.getMetadata.toMetadata][Debug] Total size: MkSomeSize SB (MkBytes 15.0)
[2020-05-31 12:00:00][functional][Error] Size mismatch between index size (1) and number of entries (2) in trash: <dir>/l5/.trash
CallStack (from HasCallStack):
  throwCS, called at src/SafeRm/Data/Metadata.hs:143:7 in safe-rm-0.1-inplace:SafeRm.Data.Metadata
  toMetadata, called at src/SafeRm.hs:240:13 in safe-rm-0.1-inplace:SafeRm
  getMetadata, called at src/SafeRm/Runner.hs:245:17 in safe-rm-0.1-inplace:SafeRm.Runner
  printMetadata, called at src/SafeRm/Runner.hs:137:29 in safe-rm-0.1-inplace:SafeRm.Runner
  runCmd, called at test/functional/Functional/Prelude.hs:215:36 in main:Functional.Prelude


