EXCEPTION LIST
Error reading index at '<dir>/l2/.trash/.index.csv': parse error (not enough input) at ""

LOGS LIST
[2020-05-31 12:00:00][functional.getIndex][Debug][src/SafeRm.hs] Index path: <dir>/l2/.trash/.index.csv
[2020-05-31 12:00:00][functional.getIndex.readIndex][Debug][src/SafeRm/Data/Index.hs] Index path: <dir>/l2/.trash/.index.csv
[2020-05-31 12:00:00][functional.getIndex.readIndex.readIndexWithFold][Error][src/SafeRm/Data/Index.hs] Error end of stream: parse error (not enough input)
[2020-05-31 12:00:00][functional][Error][src/SafeRm/Runner.hs] Error reading index at '<dir>/l2/.trash/.index.csv': parse error (not enough input) at ""
CallStack (from HasCallStack):
  throwWithCallStack, called at src/Effects/MonadCallStack.hs:58:24 in monad-callstack-0.1-e615dfec3911c18fa010e1ad03d4acb9d70c3611c1d0a4ac7db26fb06a6ab4e9:Effects.MonadCallStack
  throwWithCallStack, called at src/Effects/MonadCallStack.hs:64:31 in monad-callstack-0.1-e615dfec3911c18fa010e1ad03d4acb9d70c3611c1d0a4ac7db26fb06a6ab4e9:Effects.MonadCallStack
  throwWithCallStack, called at test/functional/Functional/Prelude.hs:118:7 in main:Functional.Prelude
  throwWithCallStack, called at src/SafeRm/Data/Index.hs:194:7 in safe-rm-0.1-inplace:SafeRm.Data.Index
  readIndexWithFold, called at src/SafeRm/Data/Index.hs:124:18 in safe-rm-0.1-inplace:SafeRm.Data.Index
  readIndex, called at src/SafeRm.hs:230:13 in safe-rm-0.1-inplace:SafeRm
  getIndex, called at src/SafeRm/Runner.hs:279:3 in safe-rm-0.1-inplace:SafeRm.Runner
  printIndex, called at src/SafeRm/Runner.hs:130:9 in safe-rm-0.1-inplace:SafeRm.Runner
  runCmd, called at test/functional/Functional/Prelude.hs:263:33 in main:Functional.Prelude
