TERMINAL LIST
Type:     File
Name:     f1
Original: <dir>/r4/f1
Size:     5.00B
Created:  2020-05-31 12:00:00

Entries:      1
Total Files:  1
Log size:     0.00B
Size:         5.00B 



EXCEPTION RESTORE
Exceptions:

- Cannot restore the trash file 'f1' as one exists at the original location: <dir>/r4/f1
CallStack (from HasCallStack):
  throwWithCallStack, called at src/Effects/MonadCallStack.hs:58:24 in monad-callstack-0.1-355c1912b13997a642d8ac625ae4f0e465c44901986b053b9777ef85d2a01329:Effects.MonadCallStack
  throwWithCallStack, called at src/Effects/MonadCallStack.hs:64:31 in monad-callstack-0.1-355c1912b13997a642d8ac625ae4f0e465c44901986b053b9777ef85d2a01329:Effects.MonadCallStack
  throwWithCallStack, called at test/functional/Functional/Prelude.hs:118:7 in main:Functional.Prelude
  throwWithCallStack, called at src/SafeRm/Data/PathData.hs:356:5 in safe-rm-0.1-inplace:SafeRm.Data.PathData
  mvTrashToOriginal, called at src/SafeRm.hs:288:9 in safe-rm-0.1-inplace:SafeRm
  restore, called at src/SafeRm/Runner.hs:126:24 in safe-rm-0.1-inplace:SafeRm.Runner
  runCmd, called at test/functional/Functional/Prelude.hs:263:33 in main:Functional.Prelude

LOGS RESTORE
[2020-05-31 12:00:00][functional.restore][Debug][src/SafeRm.hs] Trash home: <dir>/r4/.trash
[2020-05-31 12:00:00][functional.restore.readIndex][Debug][src/SafeRm/Data/Index.hs] Index path: <dir>/r4/.trash/.index.csv
[2020-05-31 12:00:00][functional.restore.readIndex.readIndexWithFold][Debug][src/SafeRm/Data/Index.hs] Found: MkPathData {pathType = PathTypeFile, fileName = MkPathI {unPathI = "f1"}, originalPath = MkPathI {unPathI = "<dir>/r4/f1"}, size = MkBytes 5, created = MkTimestamp {unTimestamp = 2020-05-31 12:00:00}}
[2020-05-31 12:00:00][functional.restore.restoring][Debug][src/SafeRm.hs] MkPathData {pathType = PathTypeFile, fileName = MkPathI {unPathI = "f1"}, originalPath = MkPathI {unPathI = "<dir>/r4/f1"}, size = MkBytes 5, created = MkTimestamp {unTimestamp = 2020-05-31 12:00:00}}
[2020-05-31 12:00:00][functional.restore.restoring][Warn][src/SafeRm.hs] Cannot restore the trash file 'f1' as one exists at the original location: <dir>/r4/f1
CallStack (from HasCallStack):
  throwWithCallStack, called at src/Effects/MonadCallStack.hs:58:24 in monad-callstack-0.1-355c1912b13997a642d8ac625ae4f0e465c44901986b053b9777ef85d2a01329:Effects.MonadCallStack
  throwWithCallStack, called at src/Effects/MonadCallStack.hs:64:31 in monad-callstack-0.1-355c1912b13997a642d8ac625ae4f0e465c44901986b053b9777ef85d2a01329:Effects.MonadCallStack
  throwWithCallStack, called at test/functional/Functional/Prelude.hs:118:7 in main:Functional.Prelude
  throwWithCallStack, called at src/SafeRm/Data/PathData.hs:356:5 in safe-rm-0.1-inplace:SafeRm.Data.PathData
  mvTrashToOriginal, called at src/SafeRm.hs:288:9 in safe-rm-0.1-inplace:SafeRm
  restore, called at src/SafeRm/Runner.hs:126:24 in safe-rm-0.1-inplace:SafeRm.Runner
  runCmd, called at test/functional/Functional/Prelude.hs:263:33 in main:Functional.Prelude
[2020-05-31 12:00:00][functional.restore][Info][src/SafeRm.hs] Restored: 
[2020-05-31 12:00:00][functional][Error][src/SafeRm/Runner.hs] Exceptions:

- Cannot restore the trash file 'f1' as one exists at the original location: <dir>/r4/f1
CallStack (from HasCallStack):
  throwWithCallStack, called at src/Effects/MonadCallStack.hs:58:24 in monad-callstack-0.1-355c1912b13997a642d8ac625ae4f0e465c44901986b053b9777ef85d2a01329:Effects.MonadCallStack
  throwWithCallStack, called at src/Effects/MonadCallStack.hs:64:31 in monad-callstack-0.1-355c1912b13997a642d8ac625ae4f0e465c44901986b053b9777ef85d2a01329:Effects.MonadCallStack
  throwWithCallStack, called at test/functional/Functional/Prelude.hs:118:7 in main:Functional.Prelude
  throwWithCallStack, called at src/SafeRm/Data/PathData.hs:356:5 in safe-rm-0.1-inplace:SafeRm.Data.PathData
  mvTrashToOriginal, called at src/SafeRm.hs:288:9 in safe-rm-0.1-inplace:SafeRm
  restore, called at src/SafeRm/Runner.hs:126:24 in safe-rm-0.1-inplace:SafeRm.Runner
  runCmd, called at test/functional/Functional/Prelude.hs:263:33 in main:Functional.Prelude
