TERMINAL LIST 1
Type:      File
Name:      f1
Original:  <dir>/r5/f1
Created:   2020-05-31 12:00:00 

Type:      File
Name:      f2
Original:  <dir>/r5/f2
Created:   2020-05-31 12:00:00 

Type:      File
Name:      f5
Original:  <dir>/r5/f5
Created:   2020-05-31 12:00:00 
Entries:      3
Total Files:  3
Size:         20.00B 


EXCEPTION RESTORE
Encountered exception(s)
- Path not found: f3
- Path not found: f4


LOGS RESTORE
[2020-05-31 12:00:00][functional.restore][Debug][src/SafeRm.hs:239:4] Trash home: <dir>/r5/.trash
[2020-05-31 12:00:00][functional.restore.readIndex][Debug][src/SafeRm/Data/Index.hs:103:4] Index path: <dir>/r5/.trash/.index.csv
[2020-05-31 12:00:00][functional.restore.readIndex.readIndexWithFold][Debug][src/SafeRm/Data/Index.hs:108:8] Found: MkPathData {pathType = PathTypeFile, fileName = MkPathI {unPathI = "f1"}, originalPath = MkPathI {unPathI = "<dir>/r5/f1"}, created = MkTimestamp {unTimestamp = 2020-05-31 12:00:00}}
[2020-05-31 12:00:00][functional.restore.readIndex.readIndexWithFold][Debug][src/SafeRm/Data/Index.hs:108:8] Found: MkPathData {pathType = PathTypeFile, fileName = MkPathI {unPathI = "f2"}, originalPath = MkPathI {unPathI = "<dir>/r5/f2"}, created = MkTimestamp {unTimestamp = 2020-05-31 12:00:00}}
[2020-05-31 12:00:00][functional.restore.readIndex.readIndexWithFold][Debug][src/SafeRm/Data/Index.hs:108:8] Found: MkPathData {pathType = PathTypeFile, fileName = MkPathI {unPathI = "f5"}, originalPath = MkPathI {unPathI = "<dir>/r5/f5"}, created = MkTimestamp {unTimestamp = 2020-05-31 12:00:00}}
[2020-05-31 12:00:00][functional.restore.restoring][Debug][src/SafeRm.hs:250:10] MkPathData {pathType = PathTypeFile, fileName = MkPathI {unPathI = "f1"}, originalPath = MkPathI {unPathI = "<dir>/r5/f1"}, created = MkTimestamp {unTimestamp = 2020-05-31 12:00:00}}
[2020-05-31 12:00:00][functional.restore.restoring][Debug][src/SafeRm.hs:250:10] MkPathData {pathType = PathTypeFile, fileName = MkPathI {unPathI = "f2"}, originalPath = MkPathI {unPathI = "<dir>/r5/f2"}, created = MkTimestamp {unTimestamp = 2020-05-31 12:00:00}}
[2020-05-31 12:00:00][functional.restore.restoring][Debug][src/SafeRm.hs:250:10] MkPathData {pathType = PathTypeFile, fileName = MkPathI {unPathI = "f5"}, originalPath = MkPathI {unPathI = "<dir>/r5/f5"}, created = MkTimestamp {unTimestamp = 2020-05-31 12:00:00}}
[2020-05-31 12:00:00][functional.restore][Info][src/SafeRm.hs:262:4] Restored: <dir>/r5/f5, <dir>/r5/f2, <dir>/r5/f1
[2020-05-31 12:00:00][functional][Error][src/SafeRm/Runner.hs:134:8] MkExceptionI (Proxy ExceptionIndex 'SomeExceptions) (MkExceptionI (Proxy ExceptionIndex 'PathNotFound) "f4" :| [MkExceptionI (Proxy ExceptionIndex 'PathNotFound) "f3"])


TERMINAL LIST 2
Entries:      0
Total Files:  0
Size:         5.00B 


