Type:     File
Name:     baz
Original: /path/bar/baz
Size:     5.00K
Created:  2020-05-31 12:00:00

Type:     Directory
Name:     d
Original: /d
Size:     5000.00Y
Created:  2020-05-31 12:00:00

Type:     Directory
Name:     dir
Original: /some/really/really/long/dir
Size:     20.23K
Created:  2020-05-31 12:00:00

Type:     File
Name:     f
Original: /foo/path/f
Size:     13.07M
Created:  2020-05-31 12:00:00

Type:     File
Name:     foo
Original: /path/foo
Size:     70.00B
Created:  2020-05-31 12:00:00

Type:     File
Name:     z
Original: /z
Size:     200.12K
Created:  2020-05-31 12:00:00