Name       | Type       | Size    | Original               | Created            
--------------------------------------------------------------------------------
foo        | File       | 70.00B  | /path/foo              | 2020-05-31 12:00:00
baz        | File       | 5.00K   | /path/bar/baz          | 2020-05-31 12:00:00
dir        | Directory  | 20.23K  | /some/really/really... | 2020-05-31 12:00:00
z          | File       | 200.12K | /z                     | 2020-05-31 12:00:00
f          | File       | 13.07M  | /foo/path/f            | 2020-05-31 12:00:00
d          | Directory  | 5000... | /d                     | 2020-05-31 12:00:00